// Jest Snapshot v1, https://goo.gl/fbAQLP

exports[`<WhyBoids /> render() render component 1`] = `
<WhyBoids
  dispatch={[Function]}
  store={
    Object {
      "clearActions": [Function],
      "dispatch": [Function],
      "getActions": [Function],
      "getState": [Function],
      "replaceReducer": [Function],
      "subscribe": [Function],
    }
  }
/>
`;
