// Jest Snapshot v1, https://goo.gl/fbAQLP

exports[`<App /> render() render component 1`] = `
<App
  retreiveServerAsLeader={[Function]}
  store={
    Object {
      "clearActions": [Function],
      "dispatch": [Function],
      "getActions": [Function],
      "getState": [Function],
      "replaceReducer": [Function],
      "subscribe": [Function],
    }
  }
/>
`;
